--- TESTING NEURAL SWITCHBOARD ---
[NEURAL SWITCHBOARD] Initialized. Gemini: 5 keys | Groq: 5 keys | Ollama: llama3.2-vision | Uncensored: dolphin-llama3

[TEST 1] Text Reasoning...
[SWITCHBOARD] Gemini Limit Hit. Rotating...
[SWITCHBOARD] Gemini Limit Hit. Rotating...
[SWITCHBOARD] Gemini Limit Hit. Rotating...
[SWITCHBOARD] Gemini Limit Hit. Rotating...
[SWITCHBOARD] Gemini Limit Hit. Rotating...
[SWITCHBOARD] Gemini failed. Failing over to Groq...
Response: I'm an artificial intelligence model known as Llama. Llama stands for "Large Language Model Meta AI....

[TEST 2] Visual Awareness...
[SWITCHBOARD] Gemini Limit Hit. Rotating...
[SWITCHBOARD] Gemini Limit Hit. Rotating...
[SWITCHBOARD] Gemini Limit Hit. Rotating...
[SWITCHBOARD] Gemini Limit Hit. Rotating...
[SWITCHBOARD] Gemini Limit Hit. Rotating...
[SWITCHBOARD] Gemini failed. Failing over to Groq...
[SWITCHBOARD] Groq failed: Error code: 400 - {'error': {'message': 'messages[0].content must be a string', 'type': 'invalid_request_error', 'param': 'messages[0].content'}}
python : Traceback (most recent call last):
At line:1 char:1
+ python test_switchboard.py > test_output.txt 2>&1
+ ~~~~~~~~~~~~~~~~~~~~~~~~~~~~~~~~~~~~~~~~~~~~~~~~~
    + CategoryInfo          : NotSpecified: (Traceback (m    
ost recent call last)::String) [], RemoteException
    + FullyQualifiedErrorId : NativeCommandError
 
  File "E:\Projects\JARVIS\test_switchboard.py", line 33, in 
<module>
    test_switchboard()
    ~~~~~~~~~~~~~~~~^^
  File "E:\Projects\JARVIS\test_switchboard.py", line 29, in 
test_switchboard
    res = brain.send_message(["What is in this image?", img])
  File "E:\Projects\JARVIS\utils\neural_switchboard.py", 
line 166, in send_message
    print("[SWITCHBOARD] \U0001f3c1 Final Resort: Attempting 
Uncensored Reasoning...")
    ~~~~~^^^^^^^^^^^^^^^^^^^^^^^^^^^^^^^^^^^^^^^^^^^^^^^^^^^^
^^^^^^^^^^^^^^^^^
  File "C:\Users\risha\AppData\Local\Python\pythoncore-3.14-6
4\Lib\encodings\cp1252.py", line 19, in encode
    return 
codecs.charmap_encode(input,self.errors,encoding_table)[0]
           
~~~~~~~~~~~~~~~~~~~~~^^^^^^^^^^^^^^^^^^^^^^^^^^^^^^^^^^
UnicodeEncodeError: 'charmap' codec can't encode character 
'\U0001f3c1' in position 14: character maps to <undefined>
